// Jest Snapshot v1, https://goo.gl/fbAQLP

exports[`should render ExpenseList with expenses 1`] = `
<div>
  <ExpenseListItem
    amount={1905}
    createdAt={0}
    description="rent"
    id={1}
    key="1"
    note="oct rent"
  />
  <ExpenseListItem
    amount={14905}
    createdAt={-345600000}
    description="rent"
    id={2}
    key="2"
    note="nov rent"
  />
  <ExpenseListItem
    amount={1087}
    createdAt={345600000}
    description="bill"
    id={3}
    key="3"
    note="dec rent"
  />
</div>
`;

exports[`should render ExpenseList with no expenses 1`] = `
<div>
  <p>
    No Expense
  </p>
</div>
`;
