// Jest Snapshot v1, https://goo.gl/fbAQLP

exports[`should render expenseListItem correctly 1`] = `
<div>
  <Link
    replace={false}
    to="/edit/1"
  >
    <h3>
      rent
    </h3>
  </Link>
  <p>
    $19.05
    -
    January 1st, 1970
  </p>
</div>
`;
